---
source: tests/wld.rs
expression: PARSED_WORLD.footer
---
Footer
