---
source: tests/wld.rs
expression: PARSED_WORLD.rooms
---
RoomVec(
    [],
)
