---
source: tests/wld.rs
expression: PARSED_WORLD.mobs
---
MobVec(
    [],
)
