---
source: tests/wld.rs
expression: "&PARSED_WORLD.tiles[0][0..50]"
---
[
    Tile {
        tile_header: TileHeader {
            has_block: false,
            has_attributes: false,
            has_wall: false,
            liquid_type: NoLiquid,
            has_extended_block_id: false,
            rle_type: SingleByte,
            bits: TBitVec(
                BitVec<Lsb0, u8> [
                    0b00000010,
                ],
            ),
        },
        attributes: None,
        ext_attributes: None,
        block: None,
        wall: None,
        liquid: None,
        wiring: None,
        run_length: RunLength {
            length: 98,
            rle_type: SingleByte,
        },
        position: Position {
            x: 0,
            y: 0,
        },
    },
    Tile {
        tile_header: TileHeader {
            has_block: false,
            has_attributes: false,
            has_wall: false,
            liquid_type: NoLiquid,
            has_extended_block_id: false,
            rle_type: SingleByte,
            bits: TBitVec(
                BitVec<Lsb0, u8> [
                    0b00000010,
                ],
            ),
        },
        attributes: None,
        ext_attributes: None,
        block: None,
        wall: None,
        liquid: None,
        wiring: None,
        run_length: RunLength {
            length: 98,
            rle_type: SingleByte,
        },
        position: Position {
            x: 0,
            y: 0,
        },
    },
    Tile {
        tile_header: TileHeader {
            has_block: false,
            has_attributes: false,
            has_wall: false,
            liquid_type: NoLiquid,
            has_extended_block_id: false,
            rle_type: SingleByte,
            bits: TBitVec(
                BitVec<Lsb0, u8> [
                    0b00000010,
                ],
            ),
        },
        attributes: None,
        ext_attributes: None,
        block: None,
        wall: None,
        liquid: None,
        wiring: None,
        run_length: RunLength {
            length: 98,
            rle_type: SingleByte,
        },
        position: Position {
            x: 0,
            y: 0,
        },
    },
    Tile {
        tile_header: TileHeader {
            has_block: false,
            has_attributes: false,
            has_wall: false,
            liquid_type: NoLiquid,
            has_extended_block_id: false,
            rle_type: SingleByte,
            bits: TBitVec(
                BitVec<Lsb0, u8> [
                    0b00000010,
                ],
            ),
        },
        attributes: None,
        ext_attributes: None,
        block: None,
        wall: None,
        liquid: None,
        wiring: None,
        run_length: RunLength {
            length: 98,
            rle_type: SingleByte,
        },
        position: Position {
            x: 0,
            y: 0,
        },
    },
    Tile {
        tile_header: TileHeader {
            has_block: false,
            has_attributes: false,
            has_wall: false,
            liquid_type: NoLiquid,
            has_extended_block_id: false,
            rle_type: SingleByte,
            bits: TBitVec(
                BitVec<Lsb0, u8> [
                    0b00000010,
                ],
            ),
        },
        attributes: None,
        ext_attributes: None,
        block: None,
        wall: None,
        liquid: None,
        wiring: None,
        run_length: RunLength {
            length: 98,
            rle_type: SingleByte,
        },
        position: Position {
            x: 0,
            y: 0,
        },
    },
    Tile {
        tile_header: TileHeader {
            has_block: false,
            has_attributes: false,
            has_wall: false,
            liquid_type: NoLiquid,
            has_extended_block_id: false,
            rle_type: SingleByte,
            bits: TBitVec(
                BitVec<Lsb0, u8> [
                    0b00000010,
                ],
            ),
        },
        attributes: None,
        ext_attributes: None,
        block: None,
        wall: None,
        liquid: None,
        wiring: None,
        run_length: RunLength {
            length: 98,
            rle_type: SingleByte,
        },
        position: Position {
            x: 0,
            y: 0,
        },
    },
    Tile {
        tile_header: TileHeader {
            has_block: false,
            has_attributes: false,
            has_wall: false,
            liquid_type: NoLiquid,
            has_extended_block_id: false,
            rle_type: SingleByte,
            bits: TBitVec(
                BitVec<Lsb0, u8> [
                    0b00000010,
                ],
            ),
        },
        attributes: None,
        ext_attributes: None,
        block: None,
        wall: None,
        liquid: None,
        wiring: None,
        run_length: RunLength {
            length: 98,
            rle_type: SingleByte,
        },
        position: Position {
            x: 0,
            y: 0,
        },
    },
    Tile {
        tile_header: TileHeader {
            has_block: false,
            has_attributes: false,
            has_wall: false,
            liquid_type: NoLiquid,
            has_extended_block_id: false,
            rle_type: SingleByte,
            bits: TBitVec(
                BitVec<Lsb0, u8> [
                    0b00000010,
                ],
            ),
        },
        attributes: None,
        ext_attributes: None,
        block: None,
        wall: None,
        liquid: None,
        wiring: None,
        run_length: RunLength {
            length: 98,
            rle_type: SingleByte,
        },
        position: Position {
            x: 0,
            y: 0,
        },
    },
    Tile {
        tile_header: TileHeader {
            has_block: false,
            has_attributes: false,
            has_wall: false,
            liquid_type: NoLiquid,
            has_extended_block_id: false,
            rle_type: SingleByte,
            bits: TBitVec(
                BitVec<Lsb0, u8> [
                    0b00000010,
                ],
            ),
        },
        attributes: None,
        ext_attributes: None,
        block: None,
        wall: None,
        liquid: None,
        wiring: None,
        run_length: RunLength {
            length: 98,
            rle_type: SingleByte,
        },
        position: Position {
            x: 0,
            y: 0,
        },
    },
    Tile {
        tile_header: TileHeader {
            has_block: false,
            has_attributes: false,
            has_wall: false,
            liquid_type: NoLiquid,
            has_extended_block_id: false,
            rle_type: SingleByte,
            bits: TBitVec(
                BitVec<Lsb0, u8> [
                    0b00000010,
                ],
            ),
        },
        attributes: None,
        ext_attributes: None,
        block: None,
        wall: None,
        liquid: None,
        wiring: None,
        run_length: RunLength {
            length: 98,
            rle_type: SingleByte,
        },
        position: Position {
            x: 0,
            y: 0,
        },
    },
    Tile {
        tile_header: TileHeader {
            has_block: false,
            has_attributes: false,
            has_wall: false,
            liquid_type: NoLiquid,
            has_extended_block_id: false,
            rle_type: SingleByte,
            bits: TBitVec(
                BitVec<Lsb0, u8> [
                    0b00000010,
                ],
            ),
        },
        attributes: None,
        ext_attributes: None,
        block: None,
        wall: None,
        liquid: None,
        wiring: None,
        run_length: RunLength {
            length: 98,
            rle_type: SingleByte,
        },
        position: Position {
            x: 0,
            y: 0,
        },
    },
    Tile {
        tile_header: TileHeader {
            has_block: false,
            has_attributes: false,
            has_wall: false,
            liquid_type: NoLiquid,
            has_extended_block_id: false,
            rle_type: SingleByte,
            bits: TBitVec(
                BitVec<Lsb0, u8> [
                    0b00000010,
                ],
            ),
        },
        attributes: None,
        ext_attributes: None,
        block: None,
        wall: None,
        liquid: None,
        wiring: None,
        run_length: RunLength {
            length: 98,
            rle_type: SingleByte,
        },
        position: Position {
            x: 0,
            y: 0,
        },
    },
    Tile {
        tile_header: TileHeader {
            has_block: false,
            has_attributes: false,
            has_wall: false,
            liquid_type: NoLiquid,
            has_extended_block_id: false,
            rle_type: SingleByte,
            bits: TBitVec(
                BitVec<Lsb0, u8> [
                    0b00000010,
                ],
            ),
        },
        attributes: None,
        ext_attributes: None,
        block: None,
        wall: None,
        liquid: None,
        wiring: None,
        run_length: RunLength {
            length: 98,
            rle_type: SingleByte,
        },
        position: Position {
            x: 0,
            y: 0,
        },
    },
    Tile {
        tile_header: TileHeader {
            has_block: false,
            has_attributes: false,
            has_wall: false,
            liquid_type: NoLiquid,
            has_extended_block_id: false,
            rle_type: SingleByte,
            bits: TBitVec(
                BitVec<Lsb0, u8> [
                    0b00000010,
                ],
            ),
        },
        attributes: None,
        ext_attributes: None,
        block: None,
        wall: None,
        liquid: None,
        wiring: None,
        run_length: RunLength {
            length: 98,
            rle_type: SingleByte,
        },
        position: Position {
            x: 0,
            y: 0,
        },
    },
    Tile {
        tile_header: TileHeader {
            has_block: false,
            has_attributes: false,
            has_wall: false,
            liquid_type: NoLiquid,
            has_extended_block_id: false,
            rle_type: SingleByte,
            bits: TBitVec(
                BitVec<Lsb0, u8> [
                    0b00000010,
                ],
            ),
        },
        attributes: None,
        ext_attributes: None,
        block: None,
        wall: None,
        liquid: None,
        wiring: None,
        run_length: RunLength {
            length: 98,
            rle_type: SingleByte,
        },
        position: Position {
            x: 0,
            y: 0,
        },
    },
    Tile {
        tile_header: TileHeader {
            has_block: false,
            has_attributes: false,
            has_wall: false,
            liquid_type: NoLiquid,
            has_extended_block_id: false,
            rle_type: SingleByte,
            bits: TBitVec(
                BitVec<Lsb0, u8> [
                    0b00000010,
                ],
            ),
        },
        attributes: None,
        ext_attributes: None,
        block: None,
        wall: None,
        liquid: None,
        wiring: None,
        run_length: RunLength {
            length: 98,
            rle_type: SingleByte,
        },
        position: Position {
            x: 0,
            y: 0,
        },
    },
    Tile {
        tile_header: TileHeader {
            has_block: false,
            has_attributes: false,
            has_wall: false,
            liquid_type: NoLiquid,
            has_extended_block_id: false,
            rle_type: SingleByte,
            bits: TBitVec(
                BitVec<Lsb0, u8> [
                    0b00000010,
                ],
            ),
        },
        attributes: None,
        ext_attributes: None,
        block: None,
        wall: None,
        liquid: None,
        wiring: None,
        run_length: RunLength {
            length: 98,
            rle_type: SingleByte,
        },
        position: Position {
            x: 0,
            y: 0,
        },
    },
    Tile {
        tile_header: TileHeader {
            has_block: false,
            has_attributes: false,
            has_wall: false,
            liquid_type: NoLiquid,
            has_extended_block_id: false,
            rle_type: SingleByte,
            bits: TBitVec(
                BitVec<Lsb0, u8> [
                    0b00000010,
                ],
            ),
        },
        attributes: None,
        ext_attributes: None,
        block: None,
        wall: None,
        liquid: None,
        wiring: None,
        run_length: RunLength {
            length: 98,
            rle_type: SingleByte,
        },
        position: Position {
            x: 0,
            y: 0,
        },
    },
    Tile {
        tile_header: TileHeader {
            has_block: false,
            has_attributes: false,
            has_wall: false,
            liquid_type: NoLiquid,
            has_extended_block_id: false,
            rle_type: SingleByte,
            bits: TBitVec(
                BitVec<Lsb0, u8> [
                    0b00000010,
                ],
            ),
        },
        attributes: None,
        ext_attributes: None,
        block: None,
        wall: None,
        liquid: None,
        wiring: None,
        run_length: RunLength {
            length: 98,
            rle_type: SingleByte,
        },
        position: Position {
            x: 0,
            y: 0,
        },
    },
    Tile {
        tile_header: TileHeader {
            has_block: false,
            has_attributes: false,
            has_wall: false,
            liquid_type: NoLiquid,
            has_extended_block_id: false,
            rle_type: SingleByte,
            bits: TBitVec(
                BitVec<Lsb0, u8> [
                    0b00000010,
                ],
            ),
        },
        attributes: None,
        ext_attributes: None,
        block: None,
        wall: None,
        liquid: None,
        wiring: None,
        run_length: RunLength {
            length: 98,
            rle_type: SingleByte,
        },
        position: Position {
            x: 0,
            y: 0,
        },
    },
    Tile {
        tile_header: TileHeader {
            has_block: false,
            has_attributes: false,
            has_wall: false,
            liquid_type: NoLiquid,
            has_extended_block_id: false,
            rle_type: SingleByte,
            bits: TBitVec(
                BitVec<Lsb0, u8> [
                    0b00000010,
                ],
            ),
        },
        attributes: None,
        ext_attributes: None,
        block: None,
        wall: None,
        liquid: None,
        wiring: None,
        run_length: RunLength {
            length: 98,
            rle_type: SingleByte,
        },
        position: Position {
            x: 0,
            y: 0,
        },
    },
    Tile {
        tile_header: TileHeader {
            has_block: false,
            has_attributes: false,
            has_wall: false,
            liquid_type: NoLiquid,
            has_extended_block_id: false,
            rle_type: SingleByte,
            bits: TBitVec(
                BitVec<Lsb0, u8> [
                    0b00000010,
                ],
            ),
        },
        attributes: None,
        ext_attributes: None,
        block: None,
        wall: None,
        liquid: None,
        wiring: None,
        run_length: RunLength {
            length: 98,
            rle_type: SingleByte,
        },
        position: Position {
            x: 0,
            y: 0,
        },
    },
    Tile {
        tile_header: TileHeader {
            has_block: false,
            has_attributes: false,
            has_wall: false,
            liquid_type: NoLiquid,
            has_extended_block_id: false,
            rle_type: SingleByte,
            bits: TBitVec(
                BitVec<Lsb0, u8> [
                    0b00000010,
                ],
            ),
        },
        attributes: None,
        ext_attributes: None,
        block: None,
        wall: None,
        liquid: None,
        wiring: None,
        run_length: RunLength {
            length: 98,
            rle_type: SingleByte,
        },
        position: Position {
            x: 0,
            y: 0,
        },
    },
    Tile {
        tile_header: TileHeader {
            has_block: false,
            has_attributes: false,
            has_wall: false,
            liquid_type: NoLiquid,
            has_extended_block_id: false,
            rle_type: SingleByte,
            bits: TBitVec(
                BitVec<Lsb0, u8> [
                    0b00000010,
                ],
            ),
        },
        attributes: None,
        ext_attributes: None,
        block: None,
        wall: None,
        liquid: None,
        wiring: None,
        run_length: RunLength {
            length: 98,
            rle_type: SingleByte,
        },
        position: Position {
            x: 0,
            y: 0,
        },
    },
    Tile {
        tile_header: TileHeader {
            has_block: false,
            has_attributes: false,
            has_wall: false,
            liquid_type: NoLiquid,
            has_extended_block_id: false,
            rle_type: SingleByte,
            bits: TBitVec(
                BitVec<Lsb0, u8> [
                    0b00000010,
                ],
            ),
        },
        attributes: None,
        ext_attributes: None,
        block: None,
        wall: None,
        liquid: None,
        wiring: None,
        run_length: RunLength {
            length: 98,
            rle_type: SingleByte,
        },
        position: Position {
            x: 0,
            y: 0,
        },
    },
    Tile {
        tile_header: TileHeader {
            has_block: false,
            has_attributes: false,
            has_wall: false,
            liquid_type: NoLiquid,
            has_extended_block_id: false,
            rle_type: SingleByte,
            bits: TBitVec(
                BitVec<Lsb0, u8> [
                    0b00000010,
                ],
            ),
        },
        attributes: None,
        ext_attributes: None,
        block: None,
        wall: None,
        liquid: None,
        wiring: None,
        run_length: RunLength {
            length: 98,
            rle_type: SingleByte,
        },
        position: Position {
            x: 0,
            y: 0,
        },
    },
    Tile {
        tile_header: TileHeader {
            has_block: false,
            has_attributes: false,
            has_wall: false,
            liquid_type: NoLiquid,
            has_extended_block_id: false,
            rle_type: SingleByte,
            bits: TBitVec(
                BitVec<Lsb0, u8> [
                    0b00000010,
                ],
            ),
        },
        attributes: None,
        ext_attributes: None,
        block: None,
        wall: None,
        liquid: None,
        wiring: None,
        run_length: RunLength {
            length: 98,
            rle_type: SingleByte,
        },
        position: Position {
            x: 0,
            y: 0,
        },
    },
    Tile {
        tile_header: TileHeader {
            has_block: false,
            has_attributes: false,
            has_wall: false,
            liquid_type: NoLiquid,
            has_extended_block_id: false,
            rle_type: SingleByte,
            bits: TBitVec(
                BitVec<Lsb0, u8> [
                    0b00000010,
                ],
            ),
        },
        attributes: None,
        ext_attributes: None,
        block: None,
        wall: None,
        liquid: None,
        wiring: None,
        run_length: RunLength {
            length: 98,
            rle_type: SingleByte,
        },
        position: Position {
            x: 0,
            y: 0,
        },
    },
    Tile {
        tile_header: TileHeader {
            has_block: false,
            has_attributes: false,
            has_wall: false,
            liquid_type: NoLiquid,
            has_extended_block_id: false,
            rle_type: SingleByte,
            bits: TBitVec(
                BitVec<Lsb0, u8> [
                    0b00000010,
                ],
            ),
        },
        attributes: None,
        ext_attributes: None,
        block: None,
        wall: None,
        liquid: None,
        wiring: None,
        run_length: RunLength {
            length: 98,
            rle_type: SingleByte,
        },
        position: Position {
            x: 0,
            y: 0,
        },
    },
    Tile {
        tile_header: TileHeader {
            has_block: false,
            has_attributes: false,
            has_wall: false,
            liquid_type: NoLiquid,
            has_extended_block_id: false,
            rle_type: SingleByte,
            bits: TBitVec(
                BitVec<Lsb0, u8> [
                    0b00000010,
                ],
            ),
        },
        attributes: None,
        ext_attributes: None,
        block: None,
        wall: None,
        liquid: None,
        wiring: None,
        run_length: RunLength {
            length: 98,
            rle_type: SingleByte,
        },
        position: Position {
            x: 0,
            y: 0,
        },
    },
    Tile {
        tile_header: TileHeader {
            has_block: false,
            has_attributes: false,
            has_wall: false,
            liquid_type: NoLiquid,
            has_extended_block_id: false,
            rle_type: SingleByte,
            bits: TBitVec(
                BitVec<Lsb0, u8> [
                    0b00000010,
                ],
            ),
        },
        attributes: None,
        ext_attributes: None,
        block: None,
        wall: None,
        liquid: None,
        wiring: None,
        run_length: RunLength {
            length: 98,
            rle_type: SingleByte,
        },
        position: Position {
            x: 0,
            y: 0,
        },
    },
    Tile {
        tile_header: TileHeader {
            has_block: false,
            has_attributes: false,
            has_wall: false,
            liquid_type: NoLiquid,
            has_extended_block_id: false,
            rle_type: SingleByte,
            bits: TBitVec(
                BitVec<Lsb0, u8> [
                    0b00000010,
                ],
            ),
        },
        attributes: None,
        ext_attributes: None,
        block: None,
        wall: None,
        liquid: None,
        wiring: None,
        run_length: RunLength {
            length: 98,
            rle_type: SingleByte,
        },
        position: Position {
            x: 0,
            y: 0,
        },
    },
    Tile {
        tile_header: TileHeader {
            has_block: false,
            has_attributes: false,
            has_wall: false,
            liquid_type: NoLiquid,
            has_extended_block_id: false,
            rle_type: SingleByte,
            bits: TBitVec(
                BitVec<Lsb0, u8> [
                    0b00000010,
                ],
            ),
        },
        attributes: None,
        ext_attributes: None,
        block: None,
        wall: None,
        liquid: None,
        wiring: None,
        run_length: RunLength {
            length: 98,
            rle_type: SingleByte,
        },
        position: Position {
            x: 0,
            y: 0,
        },
    },
    Tile {
        tile_header: TileHeader {
            has_block: false,
            has_attributes: false,
            has_wall: false,
            liquid_type: NoLiquid,
            has_extended_block_id: false,
            rle_type: SingleByte,
            bits: TBitVec(
                BitVec<Lsb0, u8> [
                    0b00000010,
                ],
            ),
        },
        attributes: None,
        ext_attributes: None,
        block: None,
        wall: None,
        liquid: None,
        wiring: None,
        run_length: RunLength {
            length: 98,
            rle_type: SingleByte,
        },
        position: Position {
            x: 0,
            y: 0,
        },
    },
    Tile {
        tile_header: TileHeader {
            has_block: false,
            has_attributes: false,
            has_wall: false,
            liquid_type: NoLiquid,
            has_extended_block_id: false,
            rle_type: SingleByte,
            bits: TBitVec(
                BitVec<Lsb0, u8> [
                    0b00000010,
                ],
            ),
        },
        attributes: None,
        ext_attributes: None,
        block: None,
        wall: None,
        liquid: None,
        wiring: None,
        run_length: RunLength {
            length: 98,
            rle_type: SingleByte,
        },
        position: Position {
            x: 0,
            y: 0,
        },
    },
    Tile {
        tile_header: TileHeader {
            has_block: false,
            has_attributes: false,
            has_wall: false,
            liquid_type: NoLiquid,
            has_extended_block_id: false,
            rle_type: SingleByte,
            bits: TBitVec(
                BitVec<Lsb0, u8> [
                    0b00000010,
                ],
            ),
        },
        attributes: None,
        ext_attributes: None,
        block: None,
        wall: None,
        liquid: None,
        wiring: None,
        run_length: RunLength {
            length: 98,
            rle_type: SingleByte,
        },
        position: Position {
            x: 0,
            y: 0,
        },
    },
    Tile {
        tile_header: TileHeader {
            has_block: false,
            has_attributes: false,
            has_wall: false,
            liquid_type: NoLiquid,
            has_extended_block_id: false,
            rle_type: SingleByte,
            bits: TBitVec(
                BitVec<Lsb0, u8> [
                    0b00000010,
                ],
            ),
        },
        attributes: None,
        ext_attributes: None,
        block: None,
        wall: None,
        liquid: None,
        wiring: None,
        run_length: RunLength {
            length: 98,
            rle_type: SingleByte,
        },
        position: Position {
            x: 0,
            y: 0,
        },
    },
    Tile {
        tile_header: TileHeader {
            has_block: false,
            has_attributes: false,
            has_wall: false,
            liquid_type: NoLiquid,
            has_extended_block_id: false,
            rle_type: SingleByte,
            bits: TBitVec(
                BitVec<Lsb0, u8> [
                    0b00000010,
                ],
            ),
        },
        attributes: None,
        ext_attributes: None,
        block: None,
        wall: None,
        liquid: None,
        wiring: None,
        run_length: RunLength {
            length: 98,
            rle_type: SingleByte,
        },
        position: Position {
            x: 0,
            y: 0,
        },
    },
    Tile {
        tile_header: TileHeader {
            has_block: false,
            has_attributes: false,
            has_wall: false,
            liquid_type: NoLiquid,
            has_extended_block_id: false,
            rle_type: SingleByte,
            bits: TBitVec(
                BitVec<Lsb0, u8> [
                    0b00000010,
                ],
            ),
        },
        attributes: None,
        ext_attributes: None,
        block: None,
        wall: None,
        liquid: None,
        wiring: None,
        run_length: RunLength {
            length: 98,
            rle_type: SingleByte,
        },
        position: Position {
            x: 0,
            y: 0,
        },
    },
    Tile {
        tile_header: TileHeader {
            has_block: false,
            has_attributes: false,
            has_wall: false,
            liquid_type: NoLiquid,
            has_extended_block_id: false,
            rle_type: SingleByte,
            bits: TBitVec(
                BitVec<Lsb0, u8> [
                    0b00000010,
                ],
            ),
        },
        attributes: None,
        ext_attributes: None,
        block: None,
        wall: None,
        liquid: None,
        wiring: None,
        run_length: RunLength {
            length: 98,
            rle_type: SingleByte,
        },
        position: Position {
            x: 0,
            y: 0,
        },
    },
    Tile {
        tile_header: TileHeader {
            has_block: false,
            has_attributes: false,
            has_wall: false,
            liquid_type: NoLiquid,
            has_extended_block_id: false,
            rle_type: SingleByte,
            bits: TBitVec(
                BitVec<Lsb0, u8> [
                    0b00000010,
                ],
            ),
        },
        attributes: None,
        ext_attributes: None,
        block: None,
        wall: None,
        liquid: None,
        wiring: None,
        run_length: RunLength {
            length: 98,
            rle_type: SingleByte,
        },
        position: Position {
            x: 0,
            y: 0,
        },
    },
    Tile {
        tile_header: TileHeader {
            has_block: false,
            has_attributes: false,
            has_wall: false,
            liquid_type: NoLiquid,
            has_extended_block_id: false,
            rle_type: SingleByte,
            bits: TBitVec(
                BitVec<Lsb0, u8> [
                    0b00000010,
                ],
            ),
        },
        attributes: None,
        ext_attributes: None,
        block: None,
        wall: None,
        liquid: None,
        wiring: None,
        run_length: RunLength {
            length: 98,
            rle_type: SingleByte,
        },
        position: Position {
            x: 0,
            y: 0,
        },
    },
    Tile {
        tile_header: TileHeader {
            has_block: false,
            has_attributes: false,
            has_wall: false,
            liquid_type: NoLiquid,
            has_extended_block_id: false,
            rle_type: SingleByte,
            bits: TBitVec(
                BitVec<Lsb0, u8> [
                    0b00000010,
                ],
            ),
        },
        attributes: None,
        ext_attributes: None,
        block: None,
        wall: None,
        liquid: None,
        wiring: None,
        run_length: RunLength {
            length: 98,
            rle_type: SingleByte,
        },
        position: Position {
            x: 0,
            y: 0,
        },
    },
    Tile {
        tile_header: TileHeader {
            has_block: false,
            has_attributes: false,
            has_wall: false,
            liquid_type: NoLiquid,
            has_extended_block_id: false,
            rle_type: SingleByte,
            bits: TBitVec(
                BitVec<Lsb0, u8> [
                    0b00000010,
                ],
            ),
        },
        attributes: None,
        ext_attributes: None,
        block: None,
        wall: None,
        liquid: None,
        wiring: None,
        run_length: RunLength {
            length: 98,
            rle_type: SingleByte,
        },
        position: Position {
            x: 0,
            y: 0,
        },
    },
    Tile {
        tile_header: TileHeader {
            has_block: false,
            has_attributes: false,
            has_wall: false,
            liquid_type: NoLiquid,
            has_extended_block_id: false,
            rle_type: SingleByte,
            bits: TBitVec(
                BitVec<Lsb0, u8> [
                    0b00000010,
                ],
            ),
        },
        attributes: None,
        ext_attributes: None,
        block: None,
        wall: None,
        liquid: None,
        wiring: None,
        run_length: RunLength {
            length: 98,
            rle_type: SingleByte,
        },
        position: Position {
            x: 0,
            y: 0,
        },
    },
    Tile {
        tile_header: TileHeader {
            has_block: false,
            has_attributes: false,
            has_wall: false,
            liquid_type: NoLiquid,
            has_extended_block_id: false,
            rle_type: SingleByte,
            bits: TBitVec(
                BitVec<Lsb0, u8> [
                    0b00000010,
                ],
            ),
        },
        attributes: None,
        ext_attributes: None,
        block: None,
        wall: None,
        liquid: None,
        wiring: None,
        run_length: RunLength {
            length: 98,
            rle_type: SingleByte,
        },
        position: Position {
            x: 0,
            y: 0,
        },
    },
    Tile {
        tile_header: TileHeader {
            has_block: false,
            has_attributes: false,
            has_wall: false,
            liquid_type: NoLiquid,
            has_extended_block_id: false,
            rle_type: SingleByte,
            bits: TBitVec(
                BitVec<Lsb0, u8> [
                    0b00000010,
                ],
            ),
        },
        attributes: None,
        ext_attributes: None,
        block: None,
        wall: None,
        liquid: None,
        wiring: None,
        run_length: RunLength {
            length: 98,
            rle_type: SingleByte,
        },
        position: Position {
            x: 0,
            y: 0,
        },
    },
    Tile {
        tile_header: TileHeader {
            has_block: false,
            has_attributes: false,
            has_wall: false,
            liquid_type: NoLiquid,
            has_extended_block_id: false,
            rle_type: SingleByte,
            bits: TBitVec(
                BitVec<Lsb0, u8> [
                    0b00000010,
                ],
            ),
        },
        attributes: None,
        ext_attributes: None,
        block: None,
        wall: None,
        liquid: None,
        wiring: None,
        run_length: RunLength {
            length: 98,
            rle_type: SingleByte,
        },
        position: Position {
            x: 0,
            y: 0,
        },
    },
    Tile {
        tile_header: TileHeader {
            has_block: false,
            has_attributes: false,
            has_wall: false,
            liquid_type: NoLiquid,
            has_extended_block_id: false,
            rle_type: SingleByte,
            bits: TBitVec(
                BitVec<Lsb0, u8> [
                    0b00000010,
                ],
            ),
        },
        attributes: None,
        ext_attributes: None,
        block: None,
        wall: None,
        liquid: None,
        wiring: None,
        run_length: RunLength {
            length: 98,
            rle_type: SingleByte,
        },
        position: Position {
            x: 0,
            y: 0,
        },
    },
    Tile {
        tile_header: TileHeader {
            has_block: false,
            has_attributes: false,
            has_wall: false,
            liquid_type: NoLiquid,
            has_extended_block_id: false,
            rle_type: SingleByte,
            bits: TBitVec(
                BitVec<Lsb0, u8> [
                    0b00000010,
                ],
            ),
        },
        attributes: None,
        ext_attributes: None,
        block: None,
        wall: None,
        liquid: None,
        wiring: None,
        run_length: RunLength {
            length: 98,
            rle_type: SingleByte,
        },
        position: Position {
            x: 0,
            y: 0,
        },
    },
]
